GUI\CompanyMenu$3.class
GUI\AllClients$1.class
GUI\GameSearch$1.class
GUI\ClientSingUp$4.class
GUI\ClientProfile$8.class
GUI\ProductCreation$2.class
GUI\ProductCreation$5.class
GUI\AllProducts$1.class
GUI\AllCompanies$3.class
GUI\AllCompanies.class
Class\Client.class
Class\Product.class
GUI\ClientProfile$10.class
GUI\ClientProfile.class
Class\Iterator\CompanyContainer.class
Class\Strategy\SearchByName.class
GUI\ClientSingUp$7.class
Class\Proxy\AdminProxy.class
GUI\GameSearch$4.class
GUI\MyProducts$1.class
GUI\AdminMenu$3.class
GUI\CompanyDataEdit$2.class
Interfaces\Observer.class
GUI\ClientProfile$13.class
GUI\ProductCreation.class
GUI\CompanyDataEdit$5.class
Interfaces\IntLogOut.class
GUI\ClientSingUp$1.class
Interfaces\IntClient.class
GUI\CompanySignUp$4.class
GUI\GameSearch.class
GUI\Login$1.class
GUI\Login.class
GUI\ClientProfile$5.class
GUI\MyCart.class
Class\Strategy\SearchByCategory.class
GUI\ClientProfile$2.class
Interfaces\SearchStrategy.class
GUI\CompanySignUp$7.class
GUI\MyCart$3.class
GUI\AllProducts$3.class
GUI\AllClients$3.class
Class\Iterator\OrderIterator.class
GUI\ClientSingUp.class
GUI\AdminMenu$4.class
GUI\Login$3.class
GUI\ClientProfile$15.class
GUI\CompanyMenu$1.class
GUI\GameSearch$9.class
GUI\ClientProfile$6.class
GUI\ProductCreation$4.class
Interfaces\IntContainer.class
GUI\AllCompanies$1.class
GUI\AllCompanies$2.class
GUI\MyProducts$3.class
GUI\MyCart$1.class
Interfaces\IntAdmin.class
Class\DataBase.class
GUI\CompanySignUp$5.class
GUI\Login$2.class
GUI\ClientSingUp$6.class
GUI\CompanyDataEdit$4.class
Class\Observer\SumSubject.class
Class\State\NewOrderState.class
GUI\ProductCreation$3.class
Class\Adapter\Password.class
Class\Administrator.class
GUI\GameSearch$3.class
GUI\ClientProfile$7.class
GUI\CompanyMenu.class
Class\AbstractFactory\SubscriberFactory.class
Class\State\ProcessingOrderState.class
Interfaces\IntUser.class
GUI\MySales$1.class
GUI\CompanyDataEdit$6.class
Class\Command\LogoutCommand.class
GUI\MyLibrary$1.class
Interfaces\IntIterator.class
GUI\ClientProfile$14.class
GUI\MyCart$2.class
Interfaces\UserFactory.class
GUI\CompanySignUp$6.class
Class\Iterator\OrderContainer.class
Class\Iterator\ClientIterator.class
GUI\CompanySignUp$3.class
GUI\CompanyDataEdit$3.class
GUI\ClientProfile$1.class
GUI\AllClients$2.class
GUI\ProductCreation$1.class
GUI\AllProducts$2.class
GUI\ClientProfile$9.class
Class\AbstractFactory\NotSubscriberFactory.class
Interfaces\Subject.class
Class\Iterator\ClientContainer.class
GUI\ClientSingUp$5.class
GUI\GameSearch$2.class
GUI\MyProducts.class
GUI\CompanyMenu$5.class
GUI\MyProducts$2.class
GUI\GameSearch$5.class
GUI\GameSearch$8.class
GUI\CompanySignUp.class
GUI\CompanyMenu$2.class
GUI\GameSearch$10.class
Class\Iterator\CompanyIterator.class
Class\Strategy\SearchByPrice.class
GUI\CompanyDataEdit$1.class
Class\Strategy\Finder.class
GUI\AllProducts.class
GUI\ClientProfile$3.class
GUI\GameSearch$6.class
GUI\ClientSingUp$2.class
Class\Observer\SumObserver.class
Class\AbstractFactory\TemplateMethod\SubscriberClient.class
Class\AbstractFactory\TemplateMethod\SubscriberCompany.class
GUI\CompanySignUp$1.class
Class\Iterator\ProductContainer.class
Class\Order.class
GUI\AdminMenu$1.class
GUI\MySales$2.class
Interfaces\OrderState.class
Interfaces\IntCompany.class
Class\AbstractFactory\TemplateMethod\NotSubscriberCompany.class
GUI\MyLibrary.class
GUI\MySales.class
Class\AbstractFactory\TemplateMethod\NotSubscriberClient.class
GUI\ClientProfile$12.class
GUI\ClientSingUp$3.class
GUI\CompanySignUp$2.class
GUI\GameSearch$7.class
GUI\CompanyDataEdit.class
GUI\MyCart$4.class
Class\Company.class
Class\Iterator\ProductIterator.class
GUI\CompanyMenu$4.class
GUI\MyLibrary$2.class
GUI\ClientProfile$4.class
Class\Adapter\PasswordAdapter.class
GUI\ProductCreation$6.class
GUI\AdminMenu.class
Class\Adapter\PasswordEncode.class
GUI\ClientProfile$11.class
GUI\AdminMenu$2.class
GUI\AllClients.class
Class\User.class
