C:\Users\jorge\Desktop\JORGE\UNIVERSIDAD\4º GIC\1º CUATRIMESTRE\PATRONES\PlayStorm\PlayStorm\src\main\java\Class\AbstractFactory\NotSubscriberFactory.java
C:\Users\jorge\Desktop\JORGE\UNIVERSIDAD\4º GIC\1º CUATRIMESTRE\PATRONES\PlayStorm\PlayStorm\src\main\java\GUI\AllClients.java
C:\Users\jorge\Desktop\JORGE\UNIVERSIDAD\4º GIC\1º CUATRIMESTRE\PATRONES\PlayStorm\PlayStorm\src\main\java\GUI\MyProducts.java
C:\Users\jorge\Desktop\JORGE\UNIVERSIDAD\4º GIC\1º CUATRIMESTRE\PATRONES\PlayStorm\PlayStorm\src\main\java\GUI\ClientSingUp.java
C:\Users\jorge\Desktop\JORGE\UNIVERSIDAD\4º GIC\1º CUATRIMESTRE\PATRONES\PlayStorm\PlayStorm\src\main\java\Class\Iterator\OrderIterator.java
C:\Users\jorge\Desktop\JORGE\UNIVERSIDAD\4º GIC\1º CUATRIMESTRE\PATRONES\PlayStorm\PlayStorm\src\main\java\Class\Adapter\PasswordEncode.java
C:\Users\jorge\Desktop\JORGE\UNIVERSIDAD\4º GIC\1º CUATRIMESTRE\PATRONES\PlayStorm\PlayStorm\src\main\java\Class\Adapter\Password.java
C:\Users\jorge\Desktop\JORGE\UNIVERSIDAD\4º GIC\1º CUATRIMESTRE\PATRONES\PlayStorm\PlayStorm\src\main\java\GUI\AllCompanies.java
C:\Users\jorge\Desktop\JORGE\UNIVERSIDAD\4º GIC\1º CUATRIMESTRE\PATRONES\PlayStorm\PlayStorm\src\main\java\GUI\ClientProfile.java
C:\Users\jorge\Desktop\JORGE\UNIVERSIDAD\4º GIC\1º CUATRIMESTRE\PATRONES\PlayStorm\PlayStorm\src\main\java\GUI\GameSearch.java
C:\Users\jorge\Desktop\JORGE\UNIVERSIDAD\4º GIC\1º CUATRIMESTRE\PATRONES\PlayStorm\PlayStorm\src\main\java\Class\AbstractFactory\TemplateMethod\NotSubscriberClient.java
C:\Users\jorge\Desktop\JORGE\UNIVERSIDAD\4º GIC\1º CUATRIMESTRE\PATRONES\PlayStorm\PlayStorm\src\main\java\Class\Command\LogoutCommand.java
C:\Users\jorge\Desktop\JORGE\UNIVERSIDAD\4º GIC\1º CUATRIMESTRE\PATRONES\PlayStorm\PlayStorm\src\main\java\Class\Administrator.java
C:\Users\jorge\Desktop\JORGE\UNIVERSIDAD\4º GIC\1º CUATRIMESTRE\PATRONES\PlayStorm\PlayStorm\src\main\java\Class\AbstractFactory\TemplateMethod\NotSubscriberCompany.java
C:\Users\jorge\Desktop\JORGE\UNIVERSIDAD\4º GIC\1º CUATRIMESTRE\PATRONES\PlayStorm\PlayStorm\src\main\java\Class\State\ProcessingOrderState.java
C:\Users\jorge\Desktop\JORGE\UNIVERSIDAD\4º GIC\1º CUATRIMESTRE\PATRONES\PlayStorm\PlayStorm\src\main\java\Class\Adapter\PasswordAdapter.java
C:\Users\jorge\Desktop\JORGE\UNIVERSIDAD\4º GIC\1º CUATRIMESTRE\PATRONES\PlayStorm\PlayStorm\src\main\java\Class\State\NewOrderState.java
C:\Users\jorge\Desktop\JORGE\UNIVERSIDAD\4º GIC\1º CUATRIMESTRE\PATRONES\PlayStorm\PlayStorm\src\main\java\Class\Strategy\SearchByPrice.java
C:\Users\jorge\Desktop\JORGE\UNIVERSIDAD\4º GIC\1º CUATRIMESTRE\PATRONES\PlayStorm\PlayStorm\src\main\java\Class\AbstractFactory\SubscriberFactory.java
C:\Users\jorge\Desktop\JORGE\UNIVERSIDAD\4º GIC\1º CUATRIMESTRE\PATRONES\PlayStorm\PlayStorm\src\main\java\GUI\CompanyMenu.java
C:\Users\jorge\Desktop\JORGE\UNIVERSIDAD\4º GIC\1º CUATRIMESTRE\PATRONES\PlayStorm\PlayStorm\src\main\java\Interfaces\IntContainer.java
C:\Users\jorge\Desktop\JORGE\UNIVERSIDAD\4º GIC\1º CUATRIMESTRE\PATRONES\PlayStorm\PlayStorm\src\main\java\Class\Strategy\SearchByCategory.java
C:\Users\jorge\Desktop\JORGE\UNIVERSIDAD\4º GIC\1º CUATRIMESTRE\PATRONES\PlayStorm\PlayStorm\src\main\java\Interfaces\IntUser.java
C:\Users\jorge\Desktop\JORGE\UNIVERSIDAD\4º GIC\1º CUATRIMESTRE\PATRONES\PlayStorm\PlayStorm\src\main\java\Interfaces\OrderState.java
C:\Users\jorge\Desktop\JORGE\UNIVERSIDAD\4º GIC\1º CUATRIMESTRE\PATRONES\PlayStorm\PlayStorm\src\main\java\Class\Observer\SumSubject.java
C:\Users\jorge\Desktop\JORGE\UNIVERSIDAD\4º GIC\1º CUATRIMESTRE\PATRONES\PlayStorm\PlayStorm\src\main\java\Class\Iterator\ProductContainer.java
C:\Users\jorge\Desktop\JORGE\UNIVERSIDAD\4º GIC\1º CUATRIMESTRE\PATRONES\PlayStorm\PlayStorm\src\main\java\Class\Iterator\ProductIterator.java
C:\Users\jorge\Desktop\JORGE\UNIVERSIDAD\4º GIC\1º CUATRIMESTRE\PATRONES\PlayStorm\PlayStorm\src\main\java\GUI\AllProducts.java
C:\Users\jorge\Desktop\JORGE\UNIVERSIDAD\4º GIC\1º CUATRIMESTRE\PATRONES\PlayStorm\PlayStorm\src\main\java\GUI\MyCart.java
C:\Users\jorge\Desktop\JORGE\UNIVERSIDAD\4º GIC\1º CUATRIMESTRE\PATRONES\PlayStorm\PlayStorm\src\main\java\Class\Iterator\OrderContainer.java
C:\Users\jorge\Desktop\JORGE\UNIVERSIDAD\4º GIC\1º CUATRIMESTRE\PATRONES\PlayStorm\PlayStorm\src\main\java\Class\Strategy\Finder.java
C:\Users\jorge\Desktop\JORGE\UNIVERSIDAD\4º GIC\1º CUATRIMESTRE\PATRONES\PlayStorm\PlayStorm\src\main\java\Class\Company.java
C:\Users\jorge\Desktop\JORGE\UNIVERSIDAD\4º GIC\1º CUATRIMESTRE\PATRONES\PlayStorm\PlayStorm\src\main\java\Interfaces\IntLogOut.java
C:\Users\jorge\Desktop\JORGE\UNIVERSIDAD\4º GIC\1º CUATRIMESTRE\PATRONES\PlayStorm\PlayStorm\src\main\java\Class\Iterator\ClientContainer.java
C:\Users\jorge\Desktop\JORGE\UNIVERSIDAD\4º GIC\1º CUATRIMESTRE\PATRONES\PlayStorm\PlayStorm\src\main\java\Class\Strategy\SearchByName.java
C:\Users\jorge\Desktop\JORGE\UNIVERSIDAD\4º GIC\1º CUATRIMESTRE\PATRONES\PlayStorm\PlayStorm\src\main\java\Class\Client.java
C:\Users\jorge\Desktop\JORGE\UNIVERSIDAD\4º GIC\1º CUATRIMESTRE\PATRONES\PlayStorm\PlayStorm\src\main\java\Class\Iterator\CompanyIterator.java
C:\Users\jorge\Desktop\JORGE\UNIVERSIDAD\4º GIC\1º CUATRIMESTRE\PATRONES\PlayStorm\PlayStorm\src\main\java\GUI\AdminMenu.java
C:\Users\jorge\Desktop\JORGE\UNIVERSIDAD\4º GIC\1º CUATRIMESTRE\PATRONES\PlayStorm\PlayStorm\src\main\java\GUI\MyLibrary.java
C:\Users\jorge\Desktop\JORGE\UNIVERSIDAD\4º GIC\1º CUATRIMESTRE\PATRONES\PlayStorm\PlayStorm\src\main\java\Interfaces\IntIterator.java
C:\Users\jorge\Desktop\JORGE\UNIVERSIDAD\4º GIC\1º CUATRIMESTRE\PATRONES\PlayStorm\PlayStorm\src\main\java\Class\Order.java
C:\Users\jorge\Desktop\JORGE\UNIVERSIDAD\4º GIC\1º CUATRIMESTRE\PATRONES\PlayStorm\PlayStorm\src\main\java\GUI\MySales.java
C:\Users\jorge\Desktop\JORGE\UNIVERSIDAD\4º GIC\1º CUATRIMESTRE\PATRONES\PlayStorm\PlayStorm\src\main\java\Interfaces\SearchStrategy.java
C:\Users\jorge\Desktop\JORGE\UNIVERSIDAD\4º GIC\1º CUATRIMESTRE\PATRONES\PlayStorm\PlayStorm\src\main\java\Class\DataBase.java
C:\Users\jorge\Desktop\JORGE\UNIVERSIDAD\4º GIC\1º CUATRIMESTRE\PATRONES\PlayStorm\PlayStorm\src\main\java\Class\Proxy\AdminProxy.java
C:\Users\jorge\Desktop\JORGE\UNIVERSIDAD\4º GIC\1º CUATRIMESTRE\PATRONES\PlayStorm\PlayStorm\src\main\java\Class\User.java
C:\Users\jorge\Desktop\JORGE\UNIVERSIDAD\4º GIC\1º CUATRIMESTRE\PATRONES\PlayStorm\PlayStorm\src\main\java\Class\AbstractFactory\TemplateMethod\SubscriberClient.java
C:\Users\jorge\Desktop\JORGE\UNIVERSIDAD\4º GIC\1º CUATRIMESTRE\PATRONES\PlayStorm\PlayStorm\src\main\java\GUI\CompanyDataEdit.java
C:\Users\jorge\Desktop\JORGE\UNIVERSIDAD\4º GIC\1º CUATRIMESTRE\PATRONES\PlayStorm\PlayStorm\src\main\java\Class\Iterator\CompanyContainer.java
C:\Users\jorge\Desktop\JORGE\UNIVERSIDAD\4º GIC\1º CUATRIMESTRE\PATRONES\PlayStorm\PlayStorm\src\main\java\Interfaces\IntClient.java
C:\Users\jorge\Desktop\JORGE\UNIVERSIDAD\4º GIC\1º CUATRIMESTRE\PATRONES\PlayStorm\PlayStorm\src\main\java\Interfaces\Subject.java
C:\Users\jorge\Desktop\JORGE\UNIVERSIDAD\4º GIC\1º CUATRIMESTRE\PATRONES\PlayStorm\PlayStorm\src\main\java\Class\Iterator\ClientIterator.java
C:\Users\jorge\Desktop\JORGE\UNIVERSIDAD\4º GIC\1º CUATRIMESTRE\PATRONES\PlayStorm\PlayStorm\src\main\java\GUI\ProductCreation.java
C:\Users\jorge\Desktop\JORGE\UNIVERSIDAD\4º GIC\1º CUATRIMESTRE\PATRONES\PlayStorm\PlayStorm\src\main\java\Class\Observer\SumObserver.java
C:\Users\jorge\Desktop\JORGE\UNIVERSIDAD\4º GIC\1º CUATRIMESTRE\PATRONES\PlayStorm\PlayStorm\src\main\java\Interfaces\Observer.java
C:\Users\jorge\Desktop\JORGE\UNIVERSIDAD\4º GIC\1º CUATRIMESTRE\PATRONES\PlayStorm\PlayStorm\src\main\java\Class\Product.java
C:\Users\jorge\Desktop\JORGE\UNIVERSIDAD\4º GIC\1º CUATRIMESTRE\PATRONES\PlayStorm\PlayStorm\src\main\java\GUI\CompanySignUp.java
C:\Users\jorge\Desktop\JORGE\UNIVERSIDAD\4º GIC\1º CUATRIMESTRE\PATRONES\PlayStorm\PlayStorm\src\main\java\Interfaces\IntCompany.java
C:\Users\jorge\Desktop\JORGE\UNIVERSIDAD\4º GIC\1º CUATRIMESTRE\PATRONES\PlayStorm\PlayStorm\src\main\java\Interfaces\UserFactory.java
C:\Users\jorge\Desktop\JORGE\UNIVERSIDAD\4º GIC\1º CUATRIMESTRE\PATRONES\PlayStorm\PlayStorm\src\main\java\Class\AbstractFactory\TemplateMethod\SubscriberCompany.java
C:\Users\jorge\Desktop\JORGE\UNIVERSIDAD\4º GIC\1º CUATRIMESTRE\PATRONES\PlayStorm\PlayStorm\src\main\java\GUI\Login.java
C:\Users\jorge\Desktop\JORGE\UNIVERSIDAD\4º GIC\1º CUATRIMESTRE\PATRONES\PlayStorm\PlayStorm\src\main\java\Interfaces\IntAdmin.java
